components/dashboard/funnel-section.tsx(13,12): error TS2304: Cannot find name 'FunnelData'.
components/dashboard/payment-status.tsx(37,29): error TS2345: Argument of type '{ status: number; disable_reason: number; balance: number; currency: string; is_prepay_account: boolean; amount_spent: number; timezone_offset_hours_utc: number; } | { account_id: string; ... 6 more ...; timezone_offset_hours_utc: number; } | null' is not assignable to parameter of type 'SetStateAction<PaymentData | null>'.
  Type '{ account_id: string; account_status: number; disable_reason: number; balance: number; currency: string; is_prepay_account: boolean; amount_spent: number; timezone_offset_hours_utc: number; }' is not assignable to type 'SetStateAction<PaymentData | null>'.
    Property 'status' is missing in type '{ account_id: string; account_status: number; disable_reason: number; balance: number; currency: string; is_prepay_account: boolean; amount_spent: number; timezone_offset_hours_utc: number; }' but required in type 'PaymentData'.
scripts/debug_api_data.ts(2,9): error TS2451: Cannot redeclare block-scoped variable 'createClient'.
scripts/debug_api_data.ts(3,7): error TS2451: Cannot redeclare block-scoped variable 'fs'.
scripts/debug_api_data.ts(4,7): error TS2451: Cannot redeclare block-scoped variable 'path'.
scripts/debug_api_data.ts(21,16): error TS2393: Duplicate function implementation.
scripts/debug_funnel.ts(2,9): error TS2451: Cannot redeclare block-scoped variable 'createClient'.
scripts/debug_funnel.ts(4,7): error TS2451: Cannot redeclare block-scoped variable 'fs'.
scripts/debug_funnel.ts(5,7): error TS2451: Cannot redeclare block-scoped variable 'path'.
scripts/debug_funnel.ts(32,16): error TS2393: Duplicate function implementation.
scripts/debug_metrics.ts(3,20): error TS2307: Cannot find module 'dotenv' or its corresponding type declarations.
